Precompiling packages...
    LaTeXStrings Being precompiled by another process (pid: 2864095, pidfile: /n/home00/mdouglas/.julia/compiled/v1.12/LaTeXStrings/H4HGh_i1rMR.ji.pidfile)
    971.2 ms  ✓ LaTeXStrings
  1 dependency successfully precompiled in 1 seconds
Precompiling packages...
   3444.3 ms  ✓ RandomExtensions
┌ Warning: attempting to remove probably stale pidfile
│   path = "/n/home00/mdouglas/.julia/compiled/v1.12/AbstractAlgebra/b8V2b_i1rMR.ji.pidfile"
└ @ FileWatching.Pidfile ~/.local/julia-1.12.3/share/julia/stdlib/v1.12/FileWatching/src/pidfile.jl:247
Info Given AbstractAlgebra was explicitly requested, output will be shown live [0K
[0KWARNING: Constructor for type "Matrix" was extended in `AbstractAlgebra` without explicit qualification or import.
[0K  NOTE: Assumed "Matrix" refers to `Base.Matrix`. This behavior is deprecated and may differ in future versions.`
[0K  NOTE: This behavior may have differed in Julia versions prior to 1.12.
[0K  Hint: If you intended to create a new generic function of the same name, use `function Matrix end`.
[0K  Hint: To silence the warning, qualify `Matrix` as `Base.Matrix` in the method signature or explicitly `import Base: Matrix`.
  18062.7 ms  ✓ AbstractAlgebra
  2 dependencies successfully precompiled in 23 seconds. 14 already precompiled.
  1 dependency had output during precompilation:
┌ AbstractAlgebra
│  [Output was shown above]
└  
Precompiling packages...
   3358.0 ms  ✓ ChainRulesCore → ChainRulesCoreSparseArraysExt
  1 dependency successfully precompiled in 4 seconds. 11 already precompiled.
ERROR: LoadError: Config file not found: configs/eigensystem/default.toml
Stacktrace:
 [1] error(s::String)
   @ Base ./error.jl:44
 [2] load_config(script_name::String, config_name::String; base_dir::String)
   @ Main.ProjectUtils ~/rg/src/julia/ProjectUtils.jl:205
 [3] load_config
   @ ~/rg/src/julia/ProjectUtils.jl:200 [inlined]
 [4] setup_with_config(script_name::String, cli_args::Vector{String}; base_dir::String)
   @ Main.ProjectUtils ~/rg/src/julia/ProjectUtils.jl:249
 [5] setup_with_config(script_name::String, cli_args::Vector{String})
   @ Main.ProjectUtils ~/rg/src/julia/ProjectUtils.jl:235
 [6] top-level scope
   @ ~/rg/ekrgilttrnr/scripts/eigensystem.jl:36
 [7] include(mod::Module, _path::String)
   @ Base ./Base.jl:306
 [8] exec_options(opts::Base.JLOptions)
   @ Base ./client.jl:317
 [9] _start()
   @ Base ./client.jl:550
in expression starting at /n/home00/mdouglas/rg/ekrgilttrnr/scripts/eigensystem.jl:36
