/n/home00/mdouglas/rg/ekrgilttrnr/src/GiltTNR/GiltTNR2D_Ising_benchmarks.py:168: DeprecationWarning: Conversion of an array with ndim > 0 to a scalar is deprecated, and will error in future. Ensure you extract a single element from your array before performing this operation. (Deprecated NumPy 1.25.)
  return sinh(2*x*Jv)*sinh(2*x*Jh) - 1
/n/home00/mdouglas/rg/ekrgilttrnr/src/GiltTNR/GiltTNR2D_Ising_benchmarks.py:168: DeprecationWarning: Conversion of an array with ndim > 0 to a scalar is deprecated, and will error in future. Ensure you extract a single element from your array before performing this operation. (Deprecated NumPy 1.25.)
  return sinh(2*x*Jv)*sinh(2*x*Jh) - 1
/n/home00/mdouglas/rg/ekrgilttrnr/src/GiltTNR/GiltTNR2D_Ising_benchmarks.py:168: DeprecationWarning: Conversion of an array with ndim > 0 to a scalar is deprecated, and will error in future. Ensure you extract a single element from your array before performing this operation. (Deprecated NumPy 1.25.)
  return sinh(2*x*Jv)*sinh(2*x*Jh) - 1
/n/home00/mdouglas/rg/ekrgilttrnr/src/GiltTNR/GiltTNR2D_Ising_benchmarks.py:168: DeprecationWarning: Conversion of an array with ndim > 0 to a scalar is deprecated, and will error in future. Ensure you extract a single element from your array before performing this operation. (Deprecated NumPy 1.25.)
  return sinh(2*x*Jv)*sinh(2*x*Jh) - 1
/n/home00/mdouglas/rg/ekrgilttrnr/src/GiltTNR/GiltTNR2D_Ising_benchmarks.py:168: DeprecationWarning: Conversion of an array with ndim > 0 to a scalar is deprecated, and will error in future. Ensure you extract a single element from your array before performing this operation. (Deprecated NumPy 1.25.)
  return sinh(2*x*Jv)*sinh(2*x*Jh) - 1
/n/home00/mdouglas/rg/ekrgilttrnr/src/GiltTNR/GiltTNR2D_Ising_benchmarks.py:168: DeprecationWarning: Conversion of an array with ndim > 0 to a scalar is deprecated, and will error in future. Ensure you extract a single element from your array before performing this operation. (Deprecated NumPy 1.25.)
  return sinh(2*x*Jv)*sinh(2*x*Jh) - 1
/n/home00/mdouglas/rg/ekrgilttrnr/src/GiltTNR/GiltTNR2D_Ising_benchmarks.py:168: DeprecationWarning: Conversion of an array with ndim > 0 to a scalar is deprecated, and will error in future. Ensure you extract a single element from your array before performing this operation. (Deprecated NumPy 1.25.)
  return sinh(2*x*Jv)*sinh(2*x*Jh) - 1
/n/home00/mdouglas/rg/ekrgilttrnr/src/GiltTNR/GiltTNR2D_Ising_benchmarks.py:168: DeprecationWarning: Conversion of an array with ndim > 0 to a scalar is deprecated, and will error in future. Ensure you extract a single element from your array before performing this operation. (Deprecated NumPy 1.25.)
  return sinh(2*x*Jv)*sinh(2*x*Jh) - 1
/n/home00/mdouglas/rg/ekrgilttrnr/src/GiltTNR/GiltTNR2D_Ising_benchmarks.py:168: DeprecationWarning: Conversion of an array with ndim > 0 to a scalar is deprecated, and will error in future. Ensure you extract a single element from your array before performing this operation. (Deprecated NumPy 1.25.)
  return sinh(2*x*Jv)*sinh(2*x*Jh) - 1
/n/home00/mdouglas/rg/ekrgilttrnr/src/GiltTNR/GiltTNR2D_Ising_benchmarks.py:168: DeprecationWarning: Conversion of an array with ndim > 0 to a scalar is deprecated, and will error in future. Ensure you extract a single element from your array before performing this operation. (Deprecated NumPy 1.25.)
  return sinh(2*x*Jv)*sinh(2*x*Jh) - 1
/n/home00/mdouglas/rg/ekrgilttrnr/src/GiltTNR/GiltTNR2D_Ising_benchmarks.py:168: DeprecationWarning: Conversion of an array with ndim > 0 to a scalar is deprecated, and will error in future. Ensure you extract a single element from your array before performing this operation. (Deprecated NumPy 1.25.)
  return sinh(2*x*Jv)*sinh(2*x*Jh) - 1
/n/home00/mdouglas/rg/ekrgilttrnr/src/GiltTNR/GiltTNR2D_Ising_benchmarks.py:168: DeprecationWarning: Conversion of an array with ndim > 0 to a scalar is deprecated, and will error in future. Ensure you extract a single element from your array before performing this operation. (Deprecated NumPy 1.25.)
  return sinh(2*x*Jv)*sinh(2*x*Jh) - 1
/n/home00/mdouglas/rg/ekrgilttrnr/src/GiltTNR/GiltTNR2D_Ising_benchmarks.py:168: DeprecationWarning: Conversion of an array with ndim > 0 to a scalar is deprecated, and will error in future. Ensure you extract a single element from your array before performing this operation. (Deprecated NumPy 1.25.)
  return sinh(2*x*Jv)*sinh(2*x*Jh) - 1
/n/home00/mdouglas/rg/ekrgilttrnr/src/GiltTNR/GiltTNR2D_Ising_benchmarks.py:168: DeprecationWarning: Conversion of an array with ndim > 0 to a scalar is deprecated, and will error in future. Ensure you extract a single element from your array before performing this operation. (Deprecated NumPy 1.25.)
  return sinh(2*x*Jv)*sinh(2*x*Jh) - 1
/n/home00/mdouglas/rg/ekrgilttrnr/src/GiltTNR/GiltTNR2D_Ising_benchmarks.py:168: DeprecationWarning: Conversion of an array with ndim > 0 to a scalar is deprecated, and will error in future. Ensure you extract a single element from your array before performing this operation. (Deprecated NumPy 1.25.)
  return sinh(2*x*Jv)*sinh(2*x*Jh) - 1
/n/home00/mdouglas/rg/ekrgilttrnr/src/GiltTNR/GiltTNR2D_Ising_benchmarks.py:168: DeprecationWarning: Conversion of an array with ndim > 0 to a scalar is deprecated, and will error in future. Ensure you extract a single element from your array before performing this operation. (Deprecated NumPy 1.25.)
  return sinh(2*x*Jv)*sinh(2*x*Jh) - 1
/n/home00/mdouglas/rg/ekrgilttrnr/src/GiltTNR/GiltTNR2D_Ising_benchmarks.py:168: DeprecationWarning: Conversion of an array with ndim > 0 to a scalar is deprecated, and will error in future. Ensure you extract a single element from your array before performing this operation. (Deprecated NumPy 1.25.)
  return sinh(2*x*Jv)*sinh(2*x*Jh) - 1
/n/home00/mdouglas/rg/ekrgilttrnr/src/GiltTNR/GiltTNR2D_Ising_benchmarks.py:168: DeprecationWarning: Conversion of an array with ndim > 0 to a scalar is deprecated, and will error in future. Ensure you extract a single element from your array before performing this operation. (Deprecated NumPy 1.25.)
  return sinh(2*x*Jv)*sinh(2*x*Jh) - 1
/n/home00/mdouglas/rg/ekrgilttrnr/src/GiltTNR/GiltTNR2D_Ising_benchmarks.py:168: DeprecationWarning: Conversion of an array with ndim > 0 to a scalar is deprecated, and will error in future. Ensure you extract a single element from your array before performing this operation. (Deprecated NumPy 1.25.)
  return sinh(2*x*Jv)*sinh(2*x*Jh) - 1
/n/home00/mdouglas/rg/ekrgilttrnr/src/GiltTNR/GiltTNR2D_Ising_benchmarks.py:168: DeprecationWarning: Conversion of an array with ndim > 0 to a scalar is deprecated, and will error in future. Ensure you extract a single element from your array before performing this operation. (Deprecated NumPy 1.25.)
  return sinh(2*x*Jv)*sinh(2*x*Jh) - 1
/n/home00/mdouglas/rg/ekrgilttrnr/src/GiltTNR/GiltTNR2D_Ising_benchmarks.py:168: DeprecationWarning: Conversion of an array with ndim > 0 to a scalar is deprecated, and will error in future. Ensure you extract a single element from your array before performing this operation. (Deprecated NumPy 1.25.)
  return sinh(2*x*Jv)*sinh(2*x*Jh) - 1
/n/home00/mdouglas/rg/ekrgilttrnr/src/GiltTNR/GiltTNR2D_Ising_benchmarks.py:168: DeprecationWarning: Conversion of an array with ndim > 0 to a scalar is deprecated, and will error in future. Ensure you extract a single element from your array before performing this operation. (Deprecated NumPy 1.25.)
  return sinh(2*x*Jv)*sinh(2*x*Jh) - 1
/n/home00/mdouglas/rg/ekrgilttrnr/src/GiltTNR/GiltTNR2D_Ising_benchmarks.py:168: DeprecationWarning: Conversion of an array with ndim > 0 to a scalar is deprecated, and will error in future. Ensure you extract a single element from your array before performing this operation. (Deprecated NumPy 1.25.)
  return sinh(2*x*Jv)*sinh(2*x*Jh) - 1
/n/home00/mdouglas/rg/ekrgilttrnr/src/GiltTNR/GiltTNR2D_Ising_benchmarks.py:168: DeprecationWarning: Conversion of an array with ndim > 0 to a scalar is deprecated, and will error in future. Ensure you extract a single element from your array before performing this operation. (Deprecated NumPy 1.25.)
  return sinh(2*x*Jv)*sinh(2*x*Jh) - 1
/n/home00/mdouglas/rg/ekrgilttrnr/src/GiltTNR/GiltTNR2D_Ising_benchmarks.py:168: DeprecationWarning: Conversion of an array with ndim > 0 to a scalar is deprecated, and will error in future. Ensure you extract a single element from your array before performing this operation. (Deprecated NumPy 1.25.)
  return sinh(2*x*Jv)*sinh(2*x*Jh) - 1
/n/home00/mdouglas/rg/ekrgilttrnr/src/GiltTNR/GiltTNR2D_Ising_benchmarks.py:168: DeprecationWarning: Conversion of an array with ndim > 0 to a scalar is deprecated, and will error in future. Ensure you extract a single element from your array before performing this operation. (Deprecated NumPy 1.25.)
  return sinh(2*x*Jv)*sinh(2*x*Jh) - 1
/n/home00/mdouglas/rg/ekrgilttrnr/src/GiltTNR/GiltTNR2D_Ising_benchmarks.py:168: DeprecationWarning: Conversion of an array with ndim > 0 to a scalar is deprecated, and will error in future. Ensure you extract a single element from your array before performing this operation. (Deprecated NumPy 1.25.)
  return sinh(2*x*Jv)*sinh(2*x*Jh) - 1
/n/home00/mdouglas/rg/ekrgilttrnr/src/GiltTNR/GiltTNR2D_Ising_benchmarks.py:168: DeprecationWarning: Conversion of an array with ndim > 0 to a scalar is deprecated, and will error in future. Ensure you extract a single element from your array before performing this operation. (Deprecated NumPy 1.25.)
  return sinh(2*x*Jv)*sinh(2*x*Jh) - 1
ERROR: LoadError: TaskFailedException

    nested task error: BoundsError: attempt to access 4-element Vector{Vector{Tuple{CartesianIndex{4}, Float64}}} at index [5]
    Stacktrace:
     [1] throw_boundserror(A::Vector{Vector{Tuple{CartesianIndex{4}, Float64}}}, I::Tuple{Int64})
       @ Base ./essentials.jl:15
     [2] getindex
       @ ./essentials.jl:919 [inlined]
     [3] macro expansion
       @ ~/rg/ekrgilttrnr/src/GaugeFixing.jl:276 [inlined]
     [4] (::var"#40#41"{var"#42#43"{Float64, Array{Float64, 4}, Vector{Vector{Tuple{CartesianIndex{4}, Float64}}}, CartesianIndices{4, NTuple{4, Base.OneTo{Int64}}}}})(tid::Int64; onethread::Bool)
       @ Main ./threadingconstructs.jl:276
     [5] #40
       @ ./threadingconstructs.jl:243 [inlined]
     [6] (::Base.Threads.var"#threading_run##0#threading_run##1"{var"#40#41"{var"#42#43"{Float64, Array{Float64, 4}, Vector{Vector{Tuple{CartesianIndex{4}, Float64}}}, CartesianIndices{4, NTuple{4, Base.OneTo{Int64}}}}}, Int64})()
       @ Base.Threads ./threadingconstructs.jl:177
Stacktrace:
  [1] threading_run(fun::var"#40#41"{var"#42#43"{Float64, Array{Float64, 4}, Vector{Vector{Tuple{CartesianIndex{4}, Float64}}}, CartesianIndices{4, NTuple{4, Base.OneTo{Int64}}}}}, static::Bool)
    @ Base.Threads ./threadingconstructs.jl:196
  [2] macro expansion
    @ ./threadingconstructs.jl:213 [inlined]
  [3] list_of_allowed_elements(A::PyObject; tol::Float64)
    @ Main ~/rg/ekrgilttrnr/src/GaugeFixing.jl:272
  [4] list_of_allowed_elements
    @ ~/rg/ekrgilttrnr/src/GaugeFixing.jl:268 [inlined]
  [5] get_HV_and_indices(A::PyObject; tol::Float64)
    @ Main ~/rg/ekrgilttrnr/src/GaugeFixing.jl:398
  [6] get_HV_and_indices
    @ ~/rg/ekrgilttrnr/src/GaugeFixing.jl:396 [inlined]
  [7] fix_discrete_gauge(A::PyObject; tol::Float64)
    @ Main ~/rg/ekrgilttrnr/src/GaugeFixing.jl:428
  [8] top-level scope
    @ ~/rg/ekrgilttrnr/scripts/eigensystem.jl:85
  [9] include(mod::Module, _path::String)
    @ Base ./Base.jl:306
 [10] exec_options(opts::Base.JLOptions)
    @ Base ./client.jl:317
 [11] _start()
    @ Base ./client.jl:550
in expression starting at /n/home00/mdouglas/rg/ekrgilttrnr/scripts/eigensystem.jl:85
