==========================================
Job ID: 53950674
Job Name: ising_eigen
Node: holy7c24104
Config: default
Started: Fri Jan  2 09:16:54 EST 2026
==========================================
Working directory: /n/home00/mdouglas/rg
Julia version:
julia version 1.12.3
Using config: ekrgilttrnr/configs/eigensystem/default.toml

==========================================
Starting eigensystem.jl...
==========================================
[INFO] Using config: default
[INFO] Logging to ekrgilttrnr/logs/eigensystem/default.log

==========================================
Finished: Fri Jan  2 09:18:44 EST 2026
Exit code: 1
==========================================
WARNING: Output file not found: ekrgilttrnr/data/eigensystem/default.data
