==========================================
Job ID: 53913192
Job Name: phi4_eigen
Node: holy7c04108
Config: default
Started: Thu Jan  1 22:14:59 EST 2026
==========================================
Working directory: /n/home00/mdouglas/rg
Julia version:
julia version 1.12.3
Using config: ekrgilttrnr/configs/phi4_eigensystem/default.toml

==========================================
Starting phi4_eigensystem.jl...
==========================================
Testing φ⁴ tensor construction...
Tensor shape: (8, 8, 8, 8)
Top 5 singular values: [1.           0.9997110231 0.1924487665 0.1892659516 0.0514261677]

Testing Z2 tensor construction...
Z2 tensor created successfully
Z2 tensor shape: [[4, 4], [4, 4], [4, 4], [4, 4]]
[INFO] Using config: default
[INFO] Logging to ekrgilttrnr/logs/phi4_eigensystem/default.log
============================================================
φ⁴ Jacobian Eigenvalue Computation
============================================================
Model: μ² = -1.33, λ = 1.0, κ = 0.3
Gilt-TNR: χ = 30, gilt_eps = 6.0e-6
Eigenvalues: N = 10, krylovdim = 25
============================================================

Step 1: Computing trajectory to approximate fixed point...
  Running 10 RG steps...
  Fixed point spectrum: λ₂=0.9893, λ₃=0.3814
  Tensor shape: (30, 30, 30, 30)

Step 2: Fixing recursion depth...
  Recursion depths: Dict("S" => 15, "W" => 8, "N" => 34, "E" => 8)

Step 3: Computing 10 eigenvalues...
  This may take several minutes...
356.891293 seconds (17.82 M allocations: 3.715 GiB, 0.36% gc time, 2.05% compilation time: 6% of which was recompilation)

============================================================
EIGENVALUES for φ⁴ model
  μ² = -1.33, λ = 1.0, κ = 0.3
  χ = 30, gilt_eps = 6.0e-6
============================================================

Expected (2D Ising universality, c=1/2 CFT):
  σ (magnetization): λ ≈ 3.668 (Δ = 1/8)
  ε (energy):        λ ≈ 2.0   (Δ = 1)
  T (stress):        λ ≈ 1.0   (Δ = 2, marginal)

Computed eigenvalues:
--------------------------------------------------
  λ_1 = -9658.7889 + 0.0i  (|λ|=9658.7889)
  λ_2 = 259.5688 + 47.511i  (|λ|=263.8812)
  λ_3 = 259.5688 + -47.511i  (|λ|=263.8812)
  λ_4 = -241.219 + 0.0i  (|λ|=241.219)
  λ_5 = -197.9889 + 106.9004i  (|λ|=225.0051)
  λ_6 = -197.9889 + -106.9004i  (|λ|=225.0051)
  λ_7 = 179.6331 + 91.0832i  (|λ|=201.4056)
  λ_8 = 179.6331 + -91.0832i  (|λ|=201.4056)
  λ_9 = -39.5683 + 102.9379i  (|λ|=110.2808)
  λ_10 = -39.5683 + -102.9379i  (|λ|=110.2808)

Results saved to: ekrgilttrnr/data/phi4_eigensystem/default.data
Log saved to: ekrgilttrnr/logs/phi4_eigensystem/default.log

==========================================
Finished: Thu Jan  1 22:22:00 EST 2026
Exit code: 0
==========================================
Output created successfully: ekrgilttrnr/data/phi4_eigensystem/default.data
Size: 254M
