==========================================
Job ID: 53990255
Job Name: phi4_mu_scan
Node: holy8a24106
Config: mu_m1.30
Started: Fri Jan  2 15:14:54 EST 2026
==========================================
Working directory: /n/home00/mdouglas/rg
Julia version:
julia version 1.12.3
Using config: ekrgilttrnr/configs/phi4_mu_scan/mu_m1.30.toml

==========================================
Starting phi4_mu_scan.jl...
==========================================
Testing φ⁴ tensor construction...
Tensor shape: (8, 8, 8, 8)
Top 5 singular values: [1.           0.9997110231 0.1924487665 0.1892659516 0.0514261677]

Testing Z2 tensor construction...
Z2 tensor created successfully
Z2 tensor shape: [[4, 4], [4, 4], [4, 4], [4, 4]]
[INFO] Using config: mu_m1.30
[INFO] Logging to ekrgilttrnr/logs/phi4_mu_scan/mu_m1.30.log
[2026-01-02 15:15:27] [INFO] ==================================================
φ⁴ μ² Scan - Single Point
Config: mu_m1.30
==================================================
Parameters:
  μ² = -1.3, λ = 1.0, κ = 0.3
  χ = 30, gilt_eps = 1.0e-8
  K = 32, D = 16
  max_steps = 40

==================================================
φ⁴ μ² Scan - Single Point
Config: mu_m1.30
==================================================
Parameters:
  μ² = -1.3, λ = 1.0, κ = 0.3
  χ = 30, gilt_eps = 1.0e-8
  K = 32, D = 16
  max_steps = 40

Step 1: dim 16 -> 25
Step 2: dim 25 -> 30
Step 3: dim 30 -> 30
Step 4: dim 30 -> 30
Step 5: dim 30 -> 30
[2026-01-02 15:16:54] [INFO] Step 5: ||RG(A) - A|| = 0.9130969766120262
Step 5: ||RG(A) - A|| = 0.9130969766120262
Step 6: dim 30 -> 30
Step 7: dim 30 -> 30
Step 8: dim 30 -> 30
Step 9: dim 30 -> 30
Step 10: dim 30 -> 15
[2026-01-02 15:20:03] [INFO] Step 10: Tensor collapsed: dim 30 -> 15
Step 10: COLLAPSED from 30 to 15
[2026-01-02 15:20:03] [INFO] 
==================================================
SUMMARY
==================================================
μ² = -1.3
Collapse step: 10
Final residuals: Dict{Int64, Any}(5 => 0.9130969766120262)

INTERPRETATION:
- Collapse < 20 steps: Too far from critical
- Collapse 20-30 steps: Close to critical
- No collapse + residual decreasing: At or near critical point
==================================================


==================================================
SUMMARY
==================================================
μ² = -1.3
Collapse step: 10
Final residuals: Dict{Int64, Any}(5 => 0.9130969766120262)

INTERPRETATION:
- Collapse < 20 steps: Too far from critical
- Collapse 20-30 steps: Close to critical
- No collapse + residual decreasing: At or near critical point
==================================================

Results saved to: ekrgilttrnr/data/phi4_mu_scan/mu_m1.30.csv

==========================================
Finished: Fri Jan  2 15:20:04 EST 2026
Exit code: 0
==========================================
Output created successfully: ekrgilttrnr/data/phi4_mu_scan/mu_m1.30.csv
Size: 267
