==========================================
Job ID: 53966306
Job Name: phi4_eigen
Node: holy7c24503
Config: mu_105
Started: Fri Jan  2 10:53:37 EST 2026
==========================================
Working directory: /n/home00/mdouglas/rg
Julia version:
julia version 1.12.3
Using config: ekrgilttrnr/configs/phi4_eigensystem/mu_105.toml

==========================================
Starting phi4_eigensystem.jl...
==========================================
Testing φ⁴ tensor construction...
Tensor shape: (8, 8, 8, 8)
Top 5 singular values: [1.           0.9997110231 0.1924487665 0.1892659516 0.0514261677]

Testing Z2 tensor construction...
Z2 tensor created successfully
Z2 tensor shape: [[4, 4], [4, 4], [4, 4], [4, 4]]
[INFO] Using config: mu_105
[INFO] Logging to ekrgilttrnr/logs/phi4_eigensystem/mu_105.log
[2026-01-02 10:53:45] [INFO] ==================================================
φ⁴ Jacobian Eigenvalue Computation
Config: mu_105
==================================================
Parameters:
  μ² = -1.05, λ = 1.0, κ = 0.3
  χ = 15, gilt_eps = 6.0e-6
  K = 32, D = 16
  number_of_initial_steps = 8

==================================================
φ⁴ Jacobian Eigenvalue Computation
Config: mu_105
==================================================
Parameters:
  μ² = -1.05, λ = 1.0, κ = 0.3
  χ = 15, gilt_eps = 6.0e-6
  K = 32, D = 16
  number_of_initial_steps = 8


==========================================
Finished: Fri Jan  2 10:53:52 EST 2026
Exit code: 1
==========================================
WARNING: Output file not found: ekrgilttrnr/data/phi4_eigensystem/mu_105.data
