==========================================
Job ID: 53913000
Job Name: phi4_eigen
Node: holy7c04108
Config: default
Started: Thu Jan  1 22:13:18 EST 2026
==========================================
Working directory: /n/home00/mdouglas/rg
Julia version:
julia version 1.12.3
Using config: ekrgilttrnr/configs/phi4_eigensystem/default.toml

==========================================
Starting phi4_eigensystem.jl...
==========================================
Testing φ⁴ tensor construction...
Tensor shape: (8, 8, 8, 8)
Top 5 singular values: [1.           0.9997110231 0.1924487665 0.1892659516 0.0514261677]

Testing Z2 tensor construction...
Z2 tensor created successfully
Z2 tensor shape: [[4, 4], [4, 4], [4, 4], [4, 4]]

==========================================
Finished: Thu Jan  1 22:13:38 EST 2026
Exit code: 1
==========================================
WARNING: Output file not found: ekrgilttrnr/data/phi4_eigensystem/default.data
