==========================================
Job ID: 53980197
Job Name: phi4_mu_scan
Node: holy8a26110
Config: mu_m1.34
Started: Fri Jan  2 13:59:54 EST 2026
==========================================
Working directory: /n/home00/mdouglas/rg
Julia version:
julia version 1.12.3
Using config: ekrgilttrnr/configs/phi4_mu_scan/mu_m1.34.toml

==========================================
Starting phi4_mu_scan.jl...
==========================================
Testing φ⁴ tensor construction...
Tensor shape: (8, 8, 8, 8)
Top 5 singular values: [1.           0.9997110231 0.1924487665 0.1892659516 0.0514261677]

Testing Z2 tensor construction...
Z2 tensor created successfully
Z2 tensor shape: [[4, 4], [4, 4], [4, 4], [4, 4]]
[INFO] Using config: mu_m1.34
[INFO] Logging to ekrgilttrnr/logs/phi4_mu_scan/mu_m1.34.log
[2026-01-02 14:00:24] [INFO] ==================================================
φ⁴ μ² Scan - Single Point
Config: mu_m1.34
==================================================
Parameters:
  μ² = -1.34, λ = 1.0, κ = 0.3
  χ = 30, gilt_eps = 1.0e-6
  K = 32, D = 16
  max_steps = 40

==================================================
φ⁴ μ² Scan - Single Point
Config: mu_m1.34
==================================================
Parameters:
  μ² = -1.34, λ = 1.0, κ = 0.3
  χ = 30, gilt_eps = 1.0e-6
  K = 32, D = 16
  max_steps = 40

[2026-01-02 14:00:25] [INFO] Step 1: Tensor collapsed to dim 16
Step 1: Tensor collapsed to dim 16
[2026-01-02 14:00:25] [INFO] 
==================================================
SUMMARY
==================================================
μ² = -1.34
Collapse step: 1
Final residuals: Dict{Int64, Any}()

INTERPRETATION:
- Collapse < 20 steps: Too far from critical
- Collapse 20-30 steps: Close to critical
- No collapse + residual decreasing: At or near critical point
==================================================


==================================================
SUMMARY
==================================================
μ² = -1.34
Collapse step: 1
Final residuals: Dict{Int64, Any}()

INTERPRETATION:
- Collapse < 20 steps: Too far from critical
- Collapse 20-30 steps: Close to critical
- No collapse + residual decreasing: At or near critical point
==================================================

Results saved to: ekrgilttrnr/data/phi4_mu_scan/mu_m1.34.csv

==========================================
Finished: Fri Jan  2 14:00:26 EST 2026
Exit code: 0
==========================================
Output created successfully: ekrgilttrnr/data/phi4_mu_scan/mu_m1.34.csv
Size: 257
