==========================================
Job ID: 53991099
Job Name: phi4_mu_scan
Node: holy8a24205
Config: mu_m1.34
Started: Fri Jan  2 15:18:51 EST 2026
==========================================
Working directory: /n/home00/mdouglas/rg
Julia version:
julia version 1.12.3
Using config: ekrgilttrnr/configs/phi4_mu_scan/mu_m1.34.toml

==========================================
Starting phi4_mu_scan.jl...
==========================================
Testing φ⁴ tensor construction...
Tensor shape: (8, 8, 8, 8)
Top 5 singular values: [1.           0.9997110231 0.1924487665 0.1892659516 0.0514261677]

Testing Z2 tensor construction...
Z2 tensor created successfully
Z2 tensor shape: [[4, 4], [4, 4], [4, 4], [4, 4]]

============================================================
❌ ERROR: Output files already exist for config 'mu_m1.34'
============================================================

Existing files:
   - ekrgilttrnr/data/phi4_mu_scan/mu_m1.34.csv

To prevent accidental data loss, this script will not overwrite existing runs.

OPTIONS:

  1. Use a different config name (recommended for new runs)

  2. Remove files manually:
     rm -f ekrgilttrnr/data/phi4_mu_scan/mu_m1.34.csv

  3. Clean outputs only (remove files, don't run):
     julia --project=ekrgilttrnr ekrgilttrnr/scripts/phi4_mu_scan.jl mu_m1.34 --clean

  4. Re-run with --reset flag (removes outputs and runs):
     julia --project=ekrgilttrnr ekrgilttrnr/scripts/phi4_mu_scan.jl mu_m1.34 --reset


==========================================
Finished: Fri Jan  2 15:19:04 EST 2026
Exit code: 1
==========================================
Output created successfully: ekrgilttrnr/data/phi4_mu_scan/mu_m1.34.csv
Size: 257
