Precompiling packages...
    831.2 ms  ✓ LaTeXStrings
  1 dependency successfully precompiled in 1 seconds
ERROR: LoadError: Config file not found: configs/phi4_eigensystem/default.toml
Stacktrace:
 [1] error(s::String)
   @ Base ./error.jl:44
 [2] load_config(script_name::String, config_name::String; base_dir::String)
   @ Main.ProjectUtils ~/rg/src/julia/ProjectUtils.jl:205
 [3] load_config
   @ ~/rg/src/julia/ProjectUtils.jl:200 [inlined]
 [4] setup_with_config(script_name::String, cli_args::Vector{String}; base_dir::String)
   @ Main.ProjectUtils ~/rg/src/julia/ProjectUtils.jl:249
 [5] setup_with_config(script_name::String, cli_args::Vector{String})
   @ Main.ProjectUtils ~/rg/src/julia/ProjectUtils.jl:235
 [6] top-level scope
   @ ~/rg/ekrgilttrnr/scripts/phi4_eigensystem.jl:40
 [7] include(mod::Module, _path::String)
   @ Base ./Base.jl:306
 [8] exec_options(opts::Base.JLOptions)
   @ Base ./client.jl:317
 [9] _start()
   @ Base ./client.jl:550
in expression starting at /n/home00/mdouglas/rg/ekrgilttrnr/scripts/phi4_eigensystem.jl:40
