Precompiling packages...
   1681.3 ms  ✓ Compat
   1901.8 ms  ✓ Requires
    866.6 ms  ✓ Compat → CompatLinearAlgebraExt
    888.2 ms  ✓ Adapt
   1025.7 ms  ✓ GPUArraysCore
   3541.8 ms  ✓ ChainRulesCore
   2917.2 ms  ✓ KrylovKit
  7 dependencies successfully precompiled in 10 seconds. 5 already precompiled.
Precompiling packages...
    Parsers Being precompiled by another process (pid: 2860587, pidfile: /n/home00/mdouglas/.julia/compiled/v1.12/Parsers/833b9_i1rMR.ji.pidfile)
  25750.3 ms  ✓ Parsers
   2486.9 ms  ✓ JSON
   1722.5 ms  ✓ Conda
    PyCall Being precompiled by another process (pid: 2860587, pidfile: /n/home00/mdouglas/.julia/compiled/v1.12/PyCall/GkzkC_i1rMR.ji.pidfile)
  38989.4 ms  ✓ PyCall
  4 dependencies successfully precompiled in 70 seconds. 22 already precompiled.
ERROR: LoadError: PyError ($(Expr(:escape, :(ccall(#= /n/home00/mdouglas/.julia/packages/PyCall/1gn3u/src/pyeval.jl:38 =# @pysym(:PyEval_EvalCode), PyPtr, (PyPtr, PyPtr, PyPtr), o, globals, locals))))) <class 'ModuleNotFoundError'>
ModuleNotFoundError("No module named 'numpy'")
  File "/n/home00/mdouglas/rg/ekrgilttrnr/src/GiltTNR/GiltTNR2D_essentials.py", line 1, in <module>
    from GiltTNR2D_Ising_benchmarks import get_initial_tensor, get_initial_tensor_aniso, get_A_spectrum, get_A_spectrum_flipped, get_A_spectrum_no_norm
  File "/n/home00/mdouglas/rg/ekrgilttrnr/src/GiltTNR/GiltTNR2D_Ising_benchmarks.py", line 1, in <module>
    import numpy as np

Stacktrace:
  [1] pyerr_check(msg::String, val::Nothing)
    @ PyCall ~/.julia/packages/PyCall/1gn3u/src/exception.jl:75
  [2] pyerr_check(msg::String)
    @ PyCall ~/.julia/packages/PyCall/1gn3u/src/exception.jl:79
  [3] _handle_error(msg::String)
    @ PyCall ~/.julia/packages/PyCall/1gn3u/src/exception.jl:96
  [4] macro expansion
    @ ~/.julia/packages/PyCall/1gn3u/src/exception.jl:110 [inlined]
  [5] #pyeval_##0
    @ ~/.julia/packages/PyCall/1gn3u/src/pyeval.jl:38 [inlined]
  [6] disable_sigint
    @ ./c.jl:167 [inlined]
  [7] pyeval_(s::String, globals::PyDict{String, PyObject, true}, locals::PyDict{String, PyObject, true}, input_type::Int64, fname::String)
    @ PyCall ~/.julia/packages/PyCall/1gn3u/src/pyeval.jl:37
  [8] top-level scope
    @ ~/rg/ekrgilttrnr/src/Tools.jl:252
  [9] include(mapexpr::Function, mod::Module, _path::String)
    @ Base ./Base.jl:307
 [10] top-level scope
    @ ~/rg/ekrgilttrnr/scripts/phi4_eigensystem.jl:36
 [11] include(mod::Module, _path::String)
    @ Base ./Base.jl:306
 [12] exec_options(opts::Base.JLOptions)
    @ Base ./client.jl:317
 [13] _start()
    @ Base ./client.jl:550
in expression starting at /n/home00/mdouglas/rg/ekrgilttrnr/src/Tools.jl:37
in expression starting at /n/home00/mdouglas/rg/ekrgilttrnr/scripts/phi4_eigensystem.jl:36
