ERROR: LoadError: UndefVarError: `gilttnr_step` not defined in `Main`
Suggestion: check for spelling errors or missing imports.
Stacktrace:
  [1] linearized_RG(dA::Z2Tensor)
    @ Main ~/rg/ekrgilttrnr/scripts/phi4_eigensystem.jl:121
  [2] apply
    @ ~/.julia/packages/KrylovKit/r8GLV/src/apply.jl:2 [inlined]
  [3] initialize(iter::ArnoldiIterator{typeof(linearized_RG), Z2Tensor, ModifiedGramSchmidt2}; verbosity::Int64)
    @ KrylovKit ~/.julia/packages/KrylovKit/r8GLV/src/factorizations/arnoldi.jl:141
  [4] _schursolve(A::Function, x₀::Z2Tensor, howmany::Int64, which::Symbol, alg::Arnoldi{ModifiedGramSchmidt2, Float64})
    @ KrylovKit ~/.julia/packages/KrylovKit/r8GLV/src/eigsolve/arnoldi.jl:180
  [5] eigsolve(A::Function, x₀::Z2Tensor, howmany::Int64, which::Symbol, alg::Arnoldi{ModifiedGramSchmidt2, Float64})
    @ KrylovKit ~/.julia/packages/KrylovKit/r8GLV/src/eigsolve/arnoldi.jl:131
  [6] eigsolve(f::Function, x₀::Z2Tensor, howmany::Int64, which::Symbol; kwargs::@Kwargs{krylovdim::Int64, verbosity::Int64})
    @ KrylovKit ~/.julia/packages/KrylovKit/r8GLV/src/eigsolve/eigsolve.jl:200
  [7] top-level scope
    @ ~/rg/ekrgilttrnr/scripts/phi4_eigensystem.jl:135
  [8] include(mod::Module, _path::String)
    @ Base ./Base.jl:306
  [9] exec_options(opts::Base.JLOptions)
    @ Base ./client.jl:317
 [10] _start()
    @ Base ./client.jl:550
in expression starting at /n/home00/mdouglas/rg/ekrgilttrnr/scripts/phi4_eigensystem.jl:135
