==========================================
Job ID: 53990256
Job Name: phi4_mu_scan
Node: holy8a24205
Config: mu_m1.32
Started: Fri Jan  2 15:14:53 EST 2026
==========================================
Working directory: /n/home00/mdouglas/rg
Julia version:
julia version 1.12.3
Using config: ekrgilttrnr/configs/phi4_mu_scan/mu_m1.32.toml

==========================================
Starting phi4_mu_scan.jl...
==========================================
Testing φ⁴ tensor construction...
Tensor shape: (8, 8, 8, 8)
Top 5 singular values: [1.           0.9997110231 0.1924487665 0.1892659516 0.0514261677]

Testing Z2 tensor construction...
Z2 tensor created successfully
Z2 tensor shape: [[4, 4], [4, 4], [4, 4], [4, 4]]
[INFO] Using config: mu_m1.32
[INFO] Logging to ekrgilttrnr/logs/phi4_mu_scan/mu_m1.32.log
[2026-01-02 15:15:27] [INFO] ==================================================
φ⁴ μ² Scan - Single Point
Config: mu_m1.32
==================================================
Parameters:
  μ² = -1.32, λ = 1.0, κ = 0.3
  χ = 30, gilt_eps = 1.0e-8
  K = 32, D = 16
  max_steps = 40

==================================================
φ⁴ μ² Scan - Single Point
Config: mu_m1.32
==================================================
Parameters:
  μ² = -1.32, λ = 1.0, κ = 0.3
  χ = 30, gilt_eps = 1.0e-8
  K = 32, D = 16
  max_steps = 40

Step 1: dim 16 -> 25
Step 2: dim 25 -> 30
Step 3: dim 30 -> 30
Step 4: dim 30 -> 30
Step 5: dim 30 -> 30
[2026-01-02 15:17:08] [INFO] Step 5: ||RG(A) - A|| = 1.2179912965432838
Step 5: ||RG(A) - A|| = 1.2179912965432838
Step 6: dim 30 -> 30
Step 7: dim 30 -> 30
Step 8: dim 30 -> 30
Step 9: dim 30 -> 30
Step 10: dim 30 -> 30
[2026-01-02 15:19:39] [INFO] Step 10: ||RG(A) - A|| = 1.3225424921590865
Step 10: ||RG(A) - A|| = 1.3225424921590865
Step 11: dim 30 -> 30
Step 12: dim 30 -> 28
Step 13: dim 28 -> 4
[2026-01-02 15:20:03] [INFO] Step 13: Tensor collapsed: dim 28 -> 4
Step 13: COLLAPSED from 28 to 4
[2026-01-02 15:20:03] [INFO] 
==================================================
SUMMARY
==================================================
μ² = -1.32
Collapse step: 13
Final residuals: Dict{Int64, Any}(5 => 1.2179912965432838, 10 => 1.3225424921590865)

INTERPRETATION:
- Collapse < 20 steps: Too far from critical
- Collapse 20-30 steps: Close to critical
- No collapse + residual decreasing: At or near critical point
==================================================


==================================================
SUMMARY
==================================================
μ² = -1.32
Collapse step: 13
Final residuals: Dict{Int64, Any}(5 => 1.2179912965432838, 10 => 1.3225424921590865)

INTERPRETATION:
- Collapse < 20 steps: Too far from critical
- Collapse 20-30 steps: Close to critical
- No collapse + residual decreasing: At or near critical point
==================================================

Results saved to: ekrgilttrnr/data/phi4_mu_scan/mu_m1.32.csv

==========================================
Finished: Fri Jan  2 15:20:04 EST 2026
Exit code: 0
==========================================
Output created successfully: ekrgilttrnr/data/phi4_mu_scan/mu_m1.32.csv
Size: 277
